#
# There is insufficient memory for the Java Runtime Environment to continue.
# Native memory allocation (malloc) failed to allocate 32744 bytes for ChunkPool::allocate
# Possible reasons:
#   The system is out of physical RAM or swap space
#   The process is running with CompressedOops enabled, and the Java Heap may be blocking the growth of the native heap
# Possible solutions:
#   Reduce memory load on the system
#   Increase physical memory or swap space
#   Check if swap backing store is full
#   Decrease Java heap size (-Xmx/-Xms)
#   Decrease number of Java threads
#   Decrease Java thread stack sizes (-Xss)
#   Set larger code cache with -XX:ReservedCodeCacheSize=
#   JVM is running with Zero Based Compressed Oops mode in which the Java heap is
#     placed in the first 32GB address space. The Java Heap base address is the
#     maximum limit for the native heap growth. Please use -XX:HeapBaseMinAddress
#     to set the Java Heap base and to place the Java Heap above 32GB virtual address.
# This output file may be truncated or incomplete.
#
#  Out of Memory Error (allocation.cpp:272), pid=1052, tid=0x0000000000002268
#
# JRE version: Java(TM) SE Runtime Environment (8.0_202-b08) (build 1.8.0_202-b08)
# Java VM: Java HotSpot(TM) 64-Bit Server VM (25.202-b08 mixed mode windows-amd64 compressed oops)
# Failed to write core dump. Minidumps are not enabled by default on client versions of Windows
#

---------------  T H R E A D  ---------------

Current thread (0x000000001e19c000):  JavaThread "C1 CompilerThread3" daemon [_thread_in_native, id=8808, stack(0x0000000020190000,0x0000000020290000)]

Stack: [0x0000000020190000,0x0000000020290000]
[error occurred during error reporting (printing stack bounds), id 0xc0000005]

Native frames: (J=compiled Java code, j=interpreted, Vv=VM code, C=native code)


Current CompileTask:
C1:4174645 14067       1       sun.reflect.MethodAccessorGenerator::emitInvoke (1033 bytes)


---------------  P R O C E S S  ---------------

Java Threads: ( => current thread )
  0x000000002a356800 JavaThread "ClassGraph-worker-127" daemon [_thread_new, id=31828, stack(0x0000000000000000,0x0000000000000000)]
  0x00000000262a4800 JavaThread "ClassGraph-worker-126" daemon [_thread_new, id=24164, stack(0x0000000000000000,0x0000000000000000)]
  0x00000000262a3800 JavaThread "ClassGraph-worker-125" daemon [_thread_new, id=8528, stack(0x0000000000000000,0x0000000000000000)]
  0x00000000262a0000 JavaThread "ClassGraph-worker-124" daemon [_thread_in_vm, id=32888, stack(0x000000002dc00000,0x000000002dd00000)]
  0x00000000262a3000 JavaThread "ClassGraph-worker-123" daemon [_thread_in_vm, id=29212, stack(0x000000002db00000,0x000000002dc00000)]
  0x000000002629f000 JavaThread "ClassGraph-worker-122" daemon [_thread_in_native, id=28644, stack(0x000000002da00000,0x000000002db00000)]
  0x00000000262a1800 JavaThread "ClassGraph-worker-121" daemon [_thread_in_vm, id=7680, stack(0x000000002d900000,0x000000002da00000)]
  0x000000002629e800 JavaThread "ClassGraph-worker-120" daemon [_thread_in_vm, id=5440, stack(0x000000002d800000,0x000000002d900000)]
  0x00000000262a0800 JavaThread "ClassGraph-worker-119" daemon [_thread_in_vm, id=12612, stack(0x000000002d700000,0x000000002d800000)]
  0x000000002629b800 JavaThread "ClassGraph-worker-118" daemon [_thread_in_vm, id=5268, stack(0x000000002d600000,0x000000002d700000)]
  0x000000002629a800 JavaThread "ClassGraph-worker-117" daemon [_thread_in_native, id=32980, stack(0x000000002d500000,0x000000002d600000)]
  0x000000002629d000 JavaThread "ClassGraph-worker-116" daemon [_thread_in_vm, id=30632, stack(0x000000002d400000,0x000000002d500000)]
  0x000000002629c000 JavaThread "ClassGraph-worker-115" daemon [_thread_in_native, id=32264, stack(0x000000002d300000,0x000000002d400000)]
  0x000000002629d800 JavaThread "ClassGraph-worker-114" daemon [_thread_in_vm, id=29368, stack(0x000000002d200000,0x000000002d300000)]
  0x0000000026297000 JavaThread "idle-connection-reaper" daemon [_thread_blocked, id=12812, stack(0x000000002cb00000,0x000000002cc00000)]
  0x000000002629a000 JavaThread "HikariPool-4 housekeeper" daemon [_thread_blocked, id=10472, stack(0x000000002ca00000,0x000000002cb00000)]
  0x0000000026299000 JavaThread "container-0" [_thread_blocked, id=11772, stack(0x000000002c100000,0x000000002c200000)]
  0x0000000026295800 JavaThread "Catalina-utility-2" [_thread_blocked, id=10444, stack(0x000000002b700000,0x000000002b800000)]
  0x0000000026298800 JavaThread "Catalina-utility-1" [_thread_blocked, id=13224, stack(0x0000000027060000,0x0000000027160000)]
  0x0000000026297800 JavaThread "restartedMain" [_thread_blocked, id=32284, stack(0x0000000026860000,0x0000000026960000)]
  0x00000000262a2000 JavaThread "Thread-22" [_thread_blocked, id=17288, stack(0x00000000225c0000,0x00000000226c0000)]
  0x000000002a35f000 JavaThread "JMX server connection timeout 98" daemon [_thread_blocked, id=25124, stack(0x00000000224c0000,0x00000000225c0000)]
  0x000000002a361800 JavaThread "DestroyJavaVM" [_thread_blocked, id=28168, stack(0x0000000002f80000,0x0000000003080000)]
  0x0000000025f09000 JavaThread "Live Reload Server" daemon [_thread_in_native, id=20588, stack(0x000000002bc00000,0x000000002bd00000)]
  0x0000000025f04800 JavaThread "mysql-cj-abandoned-connection-cleanup" daemon [_thread_blocked, id=18868, stack(0x0000000026b60000,0x0000000026c60000)]
  0x0000000021465800 JavaThread "RMI Scheduler(0)" daemon [_thread_blocked, id=17064, stack(0x00000000221c0000,0x00000000222c0000)]
  0x000000002135d800 JavaThread "RMI TCP Connection(idle)" daemon [_thread_blocked, id=21284, stack(0x0000000021f60000,0x0000000022060000)]
  0x00000000212bf000 JavaThread "RMI TCP Accept-0" daemon [_thread_in_native, id=29204, stack(0x0000000021d60000,0x0000000021e60000)]
  0x00000000212ac000 JavaThread "RMI TCP Accept-57175" daemon [_thread_in_native, id=22328, stack(0x0000000021c60000,0x0000000021d60000)]
  0x000000002129c800 JavaThread "RMI TCP Accept-0" daemon [_thread_in_native, id=28792, stack(0x0000000021b60000,0x0000000021c60000)]
  0x000000001e1ca800 JavaThread "Service Thread" daemon [_thread_blocked, id=23748, stack(0x0000000020290000,0x0000000020390000)]
=>0x000000001e19c000 JavaThread "C1 CompilerThread3" daemon [_thread_in_native, id=8808, stack(0x0000000020190000,0x0000000020290000)]
  0x000000001e15e800 JavaThread "C2 CompilerThread2" daemon [_thread_blocked, id=4504, stack(0x0000000020090000,0x0000000020190000)]
  0x000000001e149000 JavaThread "C2 CompilerThread1" daemon [_thread_blocked, id=28144, stack(0x000000001ff90000,0x0000000020090000)]
  0x000000001e147800 JavaThread "C2 CompilerThread0" daemon [_thread_blocked, id=12608, stack(0x000000001fe90000,0x000000001ff90000)]
  0x000000001e13a800 JavaThread "JDWP Command Reader" daemon [_thread_in_native, id=22220, stack(0x000000001fd90000,0x000000001fe90000)]
  0x000000001e133800 JavaThread "JDWP Event Helper Thread" daemon [_thread_blocked, id=1020, stack(0x000000001fc90000,0x000000001fd90000)]
  0x000000001e127800 JavaThread "JDWP Transport Listener: dt_socket" daemon [_thread_blocked, id=17572, stack(0x000000001fb90000,0x000000001fc90000)]
  0x000000001e116000 JavaThread "Attach Listener" daemon [_thread_blocked, id=21252, stack(0x000000001f750000,0x000000001f850000)]
  0x000000001e115000 JavaThread "Signal Dispatcher" daemon [_thread_blocked, id=6816, stack(0x000000001f650000,0x000000001f750000)]
  0x000000001cb08000 JavaThread "Finalizer" daemon [_thread_blocked, id=22956, stack(0x000000001f440000,0x000000001f540000)]
  0x000000001e0f4000 JavaThread "Reference Handler" daemon [_thread_blocked, id=16480, stack(0x000000001f340000,0x000000001f440000)]

Other Threads:
  0x000000001e0d3800 VMThread [stack: 0x000000001f240000,0x000000001f340000] [id=3572]
  0x00000000212c4000 WatcherThread [stack: 0x0000000021e60000,0x0000000021f60000] [id=10248]

VM state:not at safepoint (normal execution)

VM Mutex/Monitor currently owned by a thread:  ([mutex/lock_event])
[0x0000000002e79160] Threads_lock - owner thread: 0x000000002629d800

heap address: 0x00000006c4400000, size: 4028 MB, Compressed Oops mode: Zero based, Oop shift amount: 3
Narrow klass base: 0x0000000000000000, Narrow klass shift: 3
Compressed class space size: 1073741824 Address: 0x00000007c0000000

Heap:
 PSYoungGen      total 1293312K, used 776638K [0x000000076c180000, 0x00000007c0000000, 0x00000007c0000000)
  eden space 1209344K, 61% used [0x000000076c180000,0x00000007993857e8,0x00000007b5e80000)
  from space 83968K, 44% used [0x00000007bae00000,0x00000007bd26a2a8,0x00000007c0000000)
  to   space 81408K, 0% used [0x00000007b5e80000,0x00000007b5e80000,0x00000007bae00000)
 ParOldGen       total 169984K, used 137152K [0x00000006c4400000, 0x00000006cea00000, 0x000000076c180000)
  object space 169984K, 80% used [0x00000006c4400000,0x00000006cc9f0150,0x00000006cea00000)
 Metaspace       used 117248K, capacity 123446K, committed 123776K, reserved 1159168K
  class space    used 13768K, capacity 14849K, committed 14976K, reserved 1048576K

Card table byte_map: [0x0000000012440000,0x0000000012c20000] byte_map_base: 0x000000000ee1e000

Marking Bits: (ParMarkBitMap*) 0x000000005db15ce0
 Begin Bits: [0x0000000013b60000, 0x0000000017a50000)
 End Bits:   [0x0000000017a50000, 0x000000001b940000)

Polling page: 0x0000000000d30000

CodeCache: size=245760Kb used=29227Kb max_used=29227Kb free=216532Kb
 bounds [0x0000000003080000, 0x0000000004d10000, 0x0000000012080000]
 total_blobs=14495 nmethods=13845 adapters=567
 compilation: enabled

Compilation events (10 events):
Event: 4172.585 Thread 0x000000001e19c000 nmethod 14062 0x0000000004d0cb10 code [0x0000000004d0cc60, 0x0000000004d0cdf0]
Event: 4172.585 Thread 0x000000001e19c000 14063       1       com.fasterxml.jackson.databind.ser.BeanSerializerFactory::<init> (6 bytes)
Event: 4172.586 Thread 0x000000001e19c000 nmethod 14063 0x0000000004d0ce50 code [0x0000000004d0cfc0, 0x0000000004d0d1a8]
Event: 4172.586 Thread 0x000000001e19c000 14064       1       com.fasterxml.jackson.databind.DeserializationFeature::getMask (5 bytes)
Event: 4172.586 Thread 0x000000001e19c000 nmethod 14064 0x0000000004d0d290 code [0x0000000004d0d3e0, 0x0000000004d0d4f0]
Event: 4172.609 Thread 0x000000001e19c000 14065       1       nonapi.io.github.classgraph.utils.ReflectionUtils::getReverseMethodAttemptOrder (242 bytes)
Event: 4172.611 Thread 0x000000001e19c000 nmethod 14065 0x0000000004d0d550 code [0x0000000004d0d7c0, 0x0000000004d0e1e8]
Event: 4172.612 Thread 0x000000001e19c000 14066   !   1       nonapi.io.github.classgraph.classloaderhandler.ClassLoaderHandlerRegistry$ClassLoaderHandlerRegistryEntry::canHandle (62 bytes)
Event: 4172.613 Thread 0x000000001e19c000 nmethod 14066 0x0000000004d0ee50 code [0x0000000004d0f020, 0x0000000004d0f698]
Event: 4172.616 Thread 0x000000001e19c000 14067       1       sun.reflect.MethodAccessorGenerator::emitInvoke (1033 bytes)

GC Heap History (10 events):
Event: 4051.377 GC heap before
{Heap before GC invocations=28 (full 5):
 PSYoungGen      total 1064960K, used 1013248K [0x000000076c180000, 0x00000007b1000000, 0x00000007c0000000)
  eden space 1013248K, 100% used [0x000000076c180000,0x00000007a9f00000,0x00000007a9f00000)
  from space 51712K, 0% used [0x00000007ad580000,0x00000007ad580000,0x00000007b0800000)
  to   space 55808K, 0% used [0x00000007a9f00000,0x00000007a9f00000,0x00000007ad580000)
 ParOldGen       total 169984K, used 106638K [0x00000006c4400000, 0x00000006cea00000, 0x000000076c180000)
  object space 169984K, 62% used [0x00000006c4400000,0x00000006cac23b00,0x00000006cea00000)
 Metaspace       used 105666K, capacity 111578K, committed 112128K, reserved 1146880K
  class space    used 12969K, capacity 13998K, committed 14080K, reserved 1048576K
Event: 4051.432 GC heap after
Heap after GC invocations=28 (full 5):
 PSYoungGen      total 1069056K, used 32770K [0x000000076c180000, 0x00000007ba980000, 0x00000007c0000000)
  eden space 1013248K, 0% used [0x000000076c180000,0x000000076c180000,0x00000007a9f00000)
  from space 55808K, 58% used [0x00000007a9f00000,0x00000007abf009e8,0x00000007ad580000)
  to   space 57344K, 0% used [0x00000007b7180000,0x00000007b7180000,0x00000007ba980000)
 ParOldGen       total 169984K, used 106646K [0x00000006c4400000, 0x00000006cea00000, 0x000000076c180000)
  object space 169984K, 62% used [0x00000006c4400000,0x00000006cac25b00,0x00000006cea00000)
 Metaspace       used 105666K, capacity 111578K, committed 112128K, reserved 1146880K
  class space    used 12969K, capacity 13998K, committed 14080K, reserved 1048576K
}
Event: 4062.161 GC heap before
{Heap before GC invocations=29 (full 5):
 PSYoungGen      total 1069056K, used 1046018K [0x000000076c180000, 0x00000007ba980000, 0x00000007c0000000)
  eden space 1013248K, 100% used [0x000000076c180000,0x00000007a9f00000,0x00000007a9f00000)
  from space 55808K, 58% used [0x00000007a9f00000,0x00000007abf009e8,0x00000007ad580000)
  to   space 57344K, 0% used [0x00000007b7180000,0x00000007b7180000,0x00000007ba980000)
 ParOldGen       total 169984K, used 106646K [0x00000006c4400000, 0x00000006cea00000, 0x000000076c180000)
  object space 169984K, 62% used [0x00000006c4400000,0x00000006cac25b00,0x00000006cea00000)
 Metaspace       used 108769K, capacity 114700K, committed 115200K, reserved 1150976K
  class space    used 13172K, capacity 14209K, committed 14336K, reserved 1048576K
Event: 4062.348 GC heap after
Heap after GC invocations=29 (full 5):
 PSYoungGen      total 1207296K, used 57329K [0x000000076c180000, 0x00000007c0000000, 0x00000007c0000000)
  eden space 1149952K, 0% used [0x000000076c180000,0x000000076c180000,0x00000007b2480000)
  from space 57344K, 99% used [0x00000007b7180000,0x00000007ba97c500,0x00000007ba980000)
  to   space 78848K, 0% used [0x00000007b2480000,0x00000007b2480000,0x00000007b7180000)
 ParOldGen       total 169984K, used 136768K [0x00000006c4400000, 0x00000006cea00000, 0x000000076c180000)
  object space 169984K, 80% used [0x00000006c4400000,0x00000006cc9903b0,0x00000006cea00000)
 Metaspace       used 108769K, capacity 114700K, committed 115200K, reserved 1150976K
  class space    used 13172K, capacity 14209K, committed 14336K, reserved 1048576K
}
Event: 4133.428 GC heap before
{Heap before GC invocations=30 (full 5):
 PSYoungGen      total 1207296K, used 352297K [0x000000076c180000, 0x00000007c0000000, 0x00000007c0000000)
  eden space 1149952K, 25% used [0x000000076c180000,0x000000077e18e218,0x00000007b2480000)
  from space 57344K, 99% used [0x00000007b7180000,0x00000007ba97c500,0x00000007ba980000)
  to   space 78848K, 0% used [0x00000007b2480000,0x00000007b2480000,0x00000007b7180000)
 ParOldGen       total 169984K, used 136768K [0x00000006c4400000, 0x00000006cea00000, 0x000000076c180000)
  object space 169984K, 80% used [0x00000006c4400000,0x00000006cc9903b0,0x00000006cea00000)
 Metaspace       used 108984K, capacity 114942K, committed 115200K, reserved 1150976K
  class space    used 13185K, capacity 14217K, committed 14336K, reserved 1048576K
Event: 4133.457 GC heap after
Heap after GC invocations=30 (full 5):
 PSYoungGen      total 1228800K, used 54189K [0x000000076c180000, 0x00000007c0000000, 0x00000007c0000000)
  eden space 1149952K, 0% used [0x000000076c180000,0x000000076c180000,0x00000007b2480000)
  from space 78848K, 68% used [0x00000007b2480000,0x00000007b596b578,0x00000007b7180000)
  to   space 83968K, 0% used [0x00000007bae00000,0x00000007bae00000,0x00000007c0000000)
 ParOldGen       total 169984K, used 136776K [0x00000006c4400000, 0x00000006cea00000, 0x000000076c180000)
  object space 169984K, 80% used [0x00000006c4400000,0x00000006cc9923b0,0x00000006cea00000)
 Metaspace       used 108984K, capacity 114942K, committed 115200K, reserved 1150976K
  class space    used 13185K, capacity 14217K, committed 14336K, reserved 1048576K
}
Event: 4133.457 GC heap before
{Heap before GC invocations=31 (full 6):
 PSYoungGen      total 1228800K, used 54189K [0x000000076c180000, 0x00000007c0000000, 0x00000007c0000000)
  eden space 1149952K, 0% used [0x000000076c180000,0x000000076c180000,0x00000007b2480000)
  from space 78848K, 68% used [0x00000007b2480000,0x00000007b596b578,0x00000007b7180000)
  to   space 83968K, 0% used [0x00000007bae00000,0x00000007bae00000,0x00000007c0000000)
 ParOldGen       total 169984K, used 136776K [0x00000006c4400000, 0x00000006cea00000, 0x000000076c180000)
  object space 169984K, 80% used [0x00000006c4400000,0x00000006cc9923b0,0x00000006cea00000)
 Metaspace       used 108984K, capacity 114942K, committed 115200K, reserved 1150976K
  class space    used 13185K, capacity 14217K, committed 14336K, reserved 1048576K
Event: 4134.077 GC heap after
Heap after GC invocations=31 (full 6):
 PSYoungGen      total 1228800K, used 0K [0x000000076c180000, 0x00000007c0000000, 0x00000007c0000000)
  eden space 1149952K, 0% used [0x000000076c180000,0x000000076c180000,0x00000007b2480000)
  from space 78848K, 0% used [0x00000007b2480000,0x00000007b2480000,0x00000007b7180000)
  to   space 83968K, 0% used [0x00000007bae00000,0x00000007bae00000,0x00000007c0000000)
 ParOldGen       total 169984K, used 137144K [0x00000006c4400000, 0x00000006cea00000, 0x000000076c180000)
  object space 169984K, 80% used [0x00000006c4400000,0x00000006cc9ee150,0x00000006cea00000)
 Metaspace       used 108962K, capacity 114906K, committed 115200K, reserved 1150976K
  class space    used 13181K, capacity 14211K, committed 14336K, reserved 1048576K
}
Event: 4167.950 GC heap before
{Heap before GC invocations=32 (full 6):
 PSYoungGen      total 1228800K, used 1149952K [0x000000076c180000, 0x00000007c0000000, 0x00000007c0000000)
  eden space 1149952K, 100% used [0x000000076c180000,0x00000007b2480000,0x00000007b2480000)
  from space 78848K, 0% used [0x00000007b2480000,0x00000007b2480000,0x00000007b7180000)
  to   space 83968K, 0% used [0x00000007bae00000,0x00000007bae00000,0x00000007c0000000)
 ParOldGen       total 169984K, used 137144K [0x00000006c4400000, 0x00000006cea00000, 0x000000076c180000)
  object space 169984K, 80% used [0x00000006c4400000,0x00000006cc9ee150,0x00000006cea00000)
 Metaspace       used 114645K, capacity 120828K, committed 120960K, reserved 1155072K
  class space    used 13600K, capacity 14674K, committed 14720K, reserved 1048576K
Event: 4168.004 GC heap after
Heap after GC invocations=32 (full 6):
 PSYoungGen      total 1293312K, used 37288K [0x000000076c180000, 0x00000007c0000000, 0x00000007c0000000)
  eden space 1209344K, 0% used [0x000000076c180000,0x000000076c180000,0x00000007b5e80000)
  from space 83968K, 44% used [0x00000007bae00000,0x00000007bd26a2a8,0x00000007c0000000)
  to   space 81408K, 0% used [0x00000007b5e80000,0x00000007b5e80000,0x00000007bae00000)
 ParOldGen       total 169984K, used 137152K [0x00000006c4400000, 0x00000006cea00000, 0x000000076c180000)
  object space 169984K, 80% used [0x00000006c4400000,0x00000006cc9f0150,0x00000006cea00000)
 Metaspace       used 114645K, capacity 120828K, committed 120960K, reserved 1155072K
  class space    used 13600K, capacity 14674K, committed 14720K, reserved 1048576K
}

Deoptimization events (0 events):
No events

Classes redefined (10 events):
Event: 4027.330 Thread 0x000000001e0d3800 redefined class name=com.steel.product.jswone.repository.SalesOrderJswRepository, count=2
Event: 4028.087 Thread 0x000000001e0d3800 redefined class name=com.steel.product.jswone.service.SalesOrderServiceJswImpl, count=2
Event: 4028.160 Thread 0x000000001e0d3800 redefined class name=com.steel.product.jswone.service.SalesOrderServiceJswImpl, count=2
Event: 4028.495 Thread 0x000000001e0d3800 redefined class name=com.steel.product.jswone.repository.SalesOrderJswRepository, count=3
Event: 4028.572 Thread 0x000000001e0d3800 redefined class name=com.steel.product.jswone.repository.SalesOrderJswRepository, count=5
Event: 4030.435 Thread 0x000000001e0d3800 redefined class name=com.steel.product.jswone.controller.SalesOrderJswController, count=1
Event: 4030.503 Thread 0x000000001e0d3800 redefined class name=com.steel.product.jswone.controller.SalesOrderJswController, count=1
Event: 4128.765 Thread 0x000000001e0d3800 redefined class name=com.steel.product.jswone.repository.SalesOrderJswRepository, count=1
Event: 4128.836 Thread 0x000000001e0d3800 redefined class name=com.steel.product.jswone.repository.SalesOrderJswRepository, count=4
Event: 4128.912 Thread 0x000000001e0d3800 redefined class name=com.steel.product.jswone.repository.SalesOrderJswRepository, count=6

Internal exceptions (10 events):
Event: 4172.229 Thread 0x0000000026297800 Exception <a 'java/lang/ArrayIndexOutOfBoundsException'> (0x00000007941308d8) thrown at [C:\re\workspace\8-2-build-windows-amd64-cygwin\jdk8u202\12323\hotspot\src\share\vm\runtime\sharedRuntime.cpp, line 605]
Event: 4172.230 Thread 0x0000000026297800 Exception <a 'java/lang/ArrayIndexOutOfBoundsException'> (0x000000079413ffc0) thrown at [C:\re\workspace\8-2-build-windows-amd64-cygwin\jdk8u202\12323\hotspot\src\share\vm\runtime\sharedRuntime.cpp, line 605]
Event: 4172.234 Thread 0x0000000026297800 Exception <a 'java/lang/ArrayIndexOutOfBoundsException'> (0x00000007941d4c78) thrown at [C:\re\workspace\8-2-build-windows-amd64-cygwin\jdk8u202\12323\hotspot\src\share\vm\runtime\sharedRuntime.cpp, line 605]
Event: 4172.247 Thread 0x0000000026297800 Exception <a 'java/lang/ArrayIndexOutOfBoundsException'> (0x000000079438f970) thrown at [C:\re\workspace\8-2-build-windows-amd64-cygwin\jdk8u202\12323\hotspot\src\share\vm\runtime\sharedRuntime.cpp, line 605]
Event: 4172.272 Thread 0x0000000026297800 Exception <a 'java/lang/ArrayIndexOutOfBoundsException'> (0x0000000794a73240) thrown at [C:\re\workspace\8-2-build-windows-amd64-cygwin\jdk8u202\12323\hotspot\src\share\vm\runtime\sharedRuntime.cpp, line 605]
Event: 4172.356 Thread 0x0000000026297800 Exception <a 'java/lang/ArrayIndexOutOfBoundsException'> (0x0000000796294b98) thrown at [C:\re\workspace\8-2-build-windows-amd64-cygwin\jdk8u202\12323\hotspot\src\share\vm\runtime\sharedRuntime.cpp, line 605]
Event: 4172.364 Thread 0x0000000026297800 Exception <a 'java/lang/ArrayIndexOutOfBoundsException'> (0x000000079634ff98) thrown at [C:\re\workspace\8-2-build-windows-amd64-cygwin\jdk8u202\12323\hotspot\src\share\vm\runtime\sharedRuntime.cpp, line 605]
Event: 4172.367 Thread 0x0000000026297800 Exception <a 'java/lang/ArrayIndexOutOfBoundsException'> (0x00000007963d9e38) thrown at [C:\re\workspace\8-2-build-windows-amd64-cygwin\jdk8u202\12323\hotspot\src\share\vm\runtime\sharedRuntime.cpp, line 605]
Event: 4172.409 Thread 0x0000000026297800 Exception <a 'sun/nio/fs/WindowsException'> (0x000000079669e630) thrown at [C:\re\workspace\8-2-build-windows-amd64-cygwin\jdk8u202\12323\hotspot\src\share\vm\prims\jni.cpp, line 710]
Event: 4172.410 Thread 0x0000000026297800 Exception <a 'sun/nio/fs/WindowsException'> (0x000000079669f928) thrown at [C:\re\workspace\8-2-build-windows-amd64-cygwin\jdk8u202\12323\hotspot\src\share\vm\prims\jni.cpp, line 710]

Events (10 events):
Event: 4172.622 Thread 0x000000002629b800 Thread added: 0x000000002629b800
Event: 4172.623 Thread 0x00000000262a0800 Thread added: 0x00000000262a0800
Event: 4172.623 Thread 0x000000002629e800 Thread added: 0x000000002629e800
Event: 4172.624 Thread 0x00000000262a1800 Thread added: 0x00000000262a1800
Event: 4172.624 Thread 0x000000002629f000 Thread added: 0x000000002629f000
Event: 4172.625 Thread 0x00000000262a3000 Thread added: 0x00000000262a3000
Event: 4172.627 Thread 0x00000000262a0000 Thread added: 0x00000000262a0000
Event: 4172.627 Thread 0x00000000262a3800 Thread added: 0x00000000262a3800
Event: 4172.627 Thread 0x00000000262a4800 Thread added: 0x00000000262a4800
Event: 4172.628 Thread 0x000000002a356800 Thread added: 0x000000002a356800


Dynamic libraries:
0x00007ff60bc40000 - 0x00007ff60bc77000 	C:\Program Files\Java\jdk1.8.0_202\bin\javaw.exe
0x00007ffbaf1e0000 - 0x00007ffbaf447000 	C:\WINDOWS\SYSTEM32\ntdll.dll
0x00007ffbaeba0000 - 0x00007ffbaec69000 	C:\WINDOWS\System32\KERNEL32.DLL
0x00007ffbac920000 - 0x00007ffbacd17000 	C:\WINDOWS\System32\KERNELBASE.dll
0x00007ffbae610000 - 0x00007ffbae6c6000 	C:\WINDOWS\System32\ADVAPI32.dll
0x00007ffbaea70000 - 0x00007ffbaeb19000 	C:\WINDOWS\System32\msvcrt.dll
0x00007ffbad080000 - 0x00007ffbad127000 	C:\WINDOWS\System32\sechost.dll
0x00007ffbacf60000 - 0x00007ffbad078000 	C:\WINDOWS\System32\RPCRT4.dll
0x00007ffbae6d0000 - 0x00007ffbae896000 	C:\WINDOWS\System32\USER32.dll
0x00007ffbabd60000 - 0x00007ffbabd87000 	C:\WINDOWS\System32\win32u.dll
0x00007ffbade50000 - 0x00007ffbade7b000 	C:\WINDOWS\System32\GDI32.dll
0x00007ffbabed0000 - 0x00007ffbabffc000 	C:\WINDOWS\System32\gdi32full.dll
0x00007ffbac000000 - 0x00007ffbac0a3000 	C:\WINDOWS\System32\msvcp_win.dll
0x00007ffbabc10000 - 0x00007ffbabd5b000 	C:\WINDOWS\System32\ucrtbase.dll
0x00007ffb9a3a0000 - 0x00007ffb9a632000 	C:\WINDOWS\WinSxS\amd64_microsoft.windows.common-controls_6595b64144ccf1df_6.0.26100.8457_none_3e0b2faee331e92d\COMCTL32.dll
0x00007ffbaf010000 - 0x00007ffbaf042000 	C:\WINDOWS\System32\IMM32.DLL
0x0000000001130000 - 0x0000000001146000 	C:\WINDOWS\System32\umppc20805.dll
0x00000000014f0000 - 0x0000000001504000 	C:\WINDOWS\System32\CsXumd64_20805.dll
0x000000005dba0000 - 0x000000005dc72000 	C:\Program Files\Java\jdk1.8.0_202\jre\bin\msvcr100.dll
0x000000005d2f0000 - 0x000000005db95000 	C:\Program Files\Java\jdk1.8.0_202\jre\bin\server\jvm.dll
0x00007ffbad690000 - 0x00007ffbad698000 	C:\WINDOWS\System32\PSAPI.DLL
0x00007ffb90a80000 - 0x00007ffb90a8a000 	C:\WINDOWS\SYSTEM32\WSOCK32.dll
0x00007ffbad5d0000 - 0x00007ffbad650000 	C:\WINDOWS\System32\WS2_32.dll
0x00007ffb98450000 - 0x00007ffb98486000 	C:\WINDOWS\SYSTEM32\WINMM.dll
0x00007ffb9ace0000 - 0x00007ffb9aceb000 	C:\WINDOWS\SYSTEM32\VERSION.dll
0x00007ffba37d0000 - 0x00007ffba37df000 	C:\Program Files\Java\jdk1.8.0_202\jre\bin\verify.dll
0x00007ffb65bc0000 - 0x00007ffb65be9000 	C:\Program Files\Java\jdk1.8.0_202\jre\bin\java.dll
0x00007ffb65ac0000 - 0x00007ffb65af5000 	C:\Program Files\Java\jdk1.8.0_202\jre\bin\jdwp.dll
0x00007ffb641b0000 - 0x00007ffb641b8000 	C:\Program Files\Java\jdk1.8.0_202\jre\bin\npt.dll
0x00007ffb738f0000 - 0x00007ffb73906000 	C:\Program Files\Java\jdk1.8.0_202\jre\bin\zip.dll
0x00007ffbade90000 - 0x00007ffbae5fe000 	C:\WINDOWS\System32\SHELL32.dll
0x00007ffbac0b0000 - 0x00007ffbac91c000 	C:\WINDOWS\System32\windows.storage.dll
0x00007ffbad710000 - 0x00007ffbada93000 	C:\WINDOWS\System32\combase.dll
0x00007ffbaef10000 - 0x00007ffbaf006000 	C:\WINDOWS\System32\SHCORE.dll
0x00007ffbad6a0000 - 0x00007ffbad706000 	C:\WINDOWS\System32\shlwapi.dll
0x00007ffbabb30000 - 0x00007ffbabb59000 	C:\WINDOWS\SYSTEM32\profapi.dll
0x00007ffb641a0000 - 0x00007ffb641a9000 	C:\Program Files\Java\jdk1.8.0_202\jre\bin\dt_socket.dll
0x00007ffb98bf0000 - 0x00007ffb98c08000 	C:\WINDOWS\system32\napinsp.dll
0x00007ffbaaeb0000 - 0x00007ffbaaf1c000 	C:\WINDOWS\System32\mswsock.dll
0x00007ffbaa220000 - 0x00007ffbaa352000 	C:\WINDOWS\SYSTEM32\DNSAPI.dll
0x00007ffbaa1e0000 - 0x00007ffbaa212000 	C:\WINDOWS\SYSTEM32\IPHLPAPI.DLL
0x00007ffbad130000 - 0x00007ffbad13a000 	C:\WINDOWS\System32\NSI.dll
0x00007ffb98a10000 - 0x00007ffb98a23000 	C:\WINDOWS\System32\winrnr.dll
0x00007ffb989e0000 - 0x00007ffb98a02000 	C:\WINDOWS\system32\nlansp_c.dll
0x00007ffba2410000 - 0x00007ffba2426000 	C:\WINDOWS\system32\wshbth.dll
0x00007ffba4a50000 - 0x00007ffba4ad6000 	C:\WINDOWS\System32\fwpuclnt.dll
0x00007ffba4990000 - 0x00007ffba499b000 	C:\Windows\System32\rasadhlp.dll
0x00007ffba18f0000 - 0x00007ffba18fd000 	C:\Program Files\Java\jdk1.8.0_202\jre\bin\management.dll
0x00007ffb72fe0000 - 0x00007ffb72ffa000 	C:\Program Files\Java\jdk1.8.0_202\jre\bin\net.dll
0x00007ffb82910000 - 0x00007ffb82aed000 	C:\WINDOWS\SYSTEM32\urlmon.dll
0x00007ffb9acf0000 - 0x00007ffb9afb4000 	C:\WINDOWS\SYSTEM32\iertutil.dll
0x00007ffb9e440000 - 0x00007ffb9e469000 	C:\WINDOWS\SYSTEM32\srvcli.dll
0x00007ffbaa0d0000 - 0x00007ffbaa0dd000 	C:\WINDOWS\SYSTEM32\netutils.dll
0x00007ffb72cc0000 - 0x00007ffb72cd2000 	C:\Program Files\Java\jdk1.8.0_202\jre\bin\nio.dll
0x00007ffbab2b0000 - 0x00007ffbab2cb000 	C:\WINDOWS\SYSTEM32\CRYPTSP.dll
0x00007ffbaa8c0000 - 0x00007ffbaa8f9000 	C:\WINDOWS\system32\rsaenh.dll
0x00007ffbaaf60000 - 0x00007ffbaaf93000 	C:\WINDOWS\SYSTEM32\USERENV.dll
0x00007ffbabb00000 - 0x00007ffbabb2a000 	C:\WINDOWS\SYSTEM32\bcrypt.dll
0x00007ffbabe20000 - 0x00007ffbabec8000 	C:\WINDOWS\System32\bcryptprimitives.dll
0x00007ffbab110000 - 0x00007ffbab11c000 	C:\WINDOWS\SYSTEM32\CRYPTBASE.dll
0x00007ffba4740000 - 0x00007ffba475d000 	C:\WINDOWS\SYSTEM32\dhcpcsvc6.DLL
0x00007ffba42d0000 - 0x00007ffba42f5000 	C:\WINDOWS\SYSTEM32\dhcpcsvc.DLL
0x00007ffb9e840000 - 0x00007ffb9e864000 	C:\Program Files\Java\jdk1.8.0_202\jre\bin\sunec.dll
0x00007ffb9ed60000 - 0x00007ffb9ed6b000 	C:\Program Files\Java\jdk1.8.0_202\jre\bin\sunmscapi.dll
0x00007ffbacd20000 - 0x00007ffbace98000 	C:\WINDOWS\System32\CRYPT32.dll

VM Arguments:
jvm_args: -agentlib:jdwp=transport=dt_socket,suspend=y,address=localhost:57178 -Dcom.sun.management.jmxremote -Dcom.sun.management.jmxremote.port=57175 -Dcom.sun.management.jmxremote.authenticate=false -Dcom.sun.management.jmxremote.ssl=false -Djava.rmi.server.hostname=localhost -Dspring.jmx.enabled=true -Dspring.application.admin.enabled=true -Xverify:none -XX:TieredStopAtLevel=1 -Dfile.encoding=UTF-8 
java_command: com.steel.product.RubrumServiceApplication --spring.output.ansi.enabled=always
java_class_path (initial): E:\WS_SampleRubrum\rubrum-apis\target\classes;C:\Users\kanakadri.rayi\.m2\repository\org\springframework\cloud\spring-cloud-starter-netflix-eureka-client\2.2.1.RELEASE\spring-cloud-starter-netflix-eureka-client-2.2.1.RELEASE.jar;C:\Users\kanakadri.rayi\.m2\repository\org\springframework\cloud\spring-cloud-starter\2.2.6.RELEASE\spring-cloud-starter-2.2.6.RELEASE.jar;C:\Users\kanakadri.rayi\.m2\repository\org\springframework\cloud\spring-cloud-context\2.2.6.RELEASE\spring-cloud-context-2.2.6.RELEASE.jar;C:\Users\kanakadri.rayi\.m2\repository\org\springframework\security\spring-security-crypto\5.3.6.RELEASE\spring-security-crypto-5.3.6.RELEASE.jar;C:\Users\kanakadri.rayi\.m2\repository\org\springframework\cloud\spring-cloud-commons\2.2.6.RELEASE\spring-cloud-commons-2.2.6.RELEASE.jar;C:\Users\kanakadri.rayi\.m2\repository\org\springframework\security\spring-security-rsa\1.0.9.RELEASE\spring-security-rsa-1.0.9.RELEASE.jar;C:\Users\kanakadri.rayi\.m2\repository\org\springframework\cloud\spring-cloud-netflix-hystrix\2.2.6.RELEASE\spring-cloud-netflix-hystrix-2.2.6.RELEASE.jar;C:\Users\kanakadri.rayi\.m2\repository\org\springframework\cloud\spring-cloud-netflix-eureka-client\2.2.6.RELEASE\spring-cloud-netflix-eureka-client-2.2.6.RELEASE.jar;C:\Users\kanakadri.rayi\.m2\repository\com\netflix\eureka\eureka-client\1.10.7\eureka-client-1.10.7.jar;C:\Users\kanakadri.rayi\.m2\repository\com\netflix\netflix-commons\netflix-eventbus\0.3.0\netflix-eventbus-0.3.0.jar;C:\Users\kanakadri.rayi\.m2\repository\com\netflix\netflix-commons\netflix-infix\0.3.0\netflix-infix-0.3.0.jar;C:\Users\kanakadri.rayi\.m2\repository\commons-jxpath\commons-jxpath\1.3\commons-jxpath-1.3.jar;C:\Users\kanakadri.rayi\.m2\repository\joda-time\joda-time\2.3\joda-time-2.3.jar;C:\Users\kanakadri.rayi\.m2\repository\org\antlr\antlr-runtime\3.4\antlr-runtime-3.4.jar;C:\Users\kanakadri.rayi\.m2\repository\org\antlr\stringtemplate\3.2.1\stringtemplate-3.2.1.jar;C:\Users\kanakadri.rayi\
Launcher Type: SUN_STANDARD

Environment Variables:
PATH=C:\Program Files\Java\jdk1.8.0_202\jre\bin;C:/Program Files/Java/jre1.8.0_202/bin/server;C:/Program Files/Java/jre1.8.0_202/bin;C:/Program Files/Java/jre1.8.0_202/lib/amd64;C:\Program Files\Common Files\Oracle\Java\javapath;C:\Program Files (x86)\Common Files\Oracle\Java\javapath;C:\ProgramData\Oracle\Java\javapath;C:\WINDOWS\system32;C:\WINDOWS;C:\WINDOWS\System32\Wbem;C:\WINDOWS\System32\WindowsPowerShell\v1.0\;C:\WINDOWS\System32\OpenSSH\;C:\Program Files\PuTTY\;C:\Program Files\Microsoft VS Code\bin;C:\Program Files\Java\jdk1.8.0_111\bin;D:\apache-maven-3.9.3\bin;C:\Program Files\Redis\;C:\Program Files\Microsoft SQL Server\Client SDK\ODBC\170\Tools\Binn\;C:\Program Files\dotnet\;node_modules\npm\bin;C:\Users\kanakadri.rayi\AppData\Roaming\nvm;C:\Program Files\nodejs;C:\Users\kanakadri.rayi\AppData\Local\Microsoft\WindowsApps;C:\Users\kanakadri.rayi\AppData\Local\Programs\Git\cmd;C:\Users\kanakadri.rayi\.dotnet\tools;;E:\Softwares\sts-4.3.2.RELEASE;
USERNAME=kanakadri.rayi
OS=Windows_NT
PROCESSOR_IDENTIFIER=Intel64 Family 6 Model 154 Stepping 4, GenuineIntel



---------------  S Y S T E M  ---------------

OS: Windows 10.0 , 64 bit Build 26100 (10.0.26100.8328)

CPU:total 12 (initial active 12) (6 cores per cpu, 2 threads per core) family 6 model 154 stepping 4, cmov, cx8, fxsr, mmx, sse, sse2, sse3, ssse3, sse4.1, sse4.2, popcnt, avx, avx2, aes, clmul, erms, 3dnowpref, lzcnt, ht, tsc, tscinvbit, bmi1, bmi2, adx

Memory: 4k page, physical 16495032k(1442604k free), swap 36155828k(1952k free)

vm_info: Java HotSpot(TM) 64-Bit Server VM (25.202-b08) for windows-amd64 JRE (1.8.0_202-b08), built on Dec 15 2018 19:54:30 by "java_re" with MS VC++ 10.0 (VS2010)

time: Thu May 28 21:21:38 2026
timezone: India Standard Time
elapsed time: 4174 seconds (0d 1h 9m 34s)

